--- CPU TEST ---
sysbench 1.0.20 (using system LuaJIT 2.1.1720049189)

Running the test with following options:
Number of threads: 4
Initializing random number generator from current time


Prime numbers limit: 20000

Initializing worker threads...

Threads started!

CPU speed:
    events per second:  4992.68

General statistics:
    total time:                          10.0007s
    total number of events:              49941

Latency (ms):
         min:                                    0.44
         avg:                                    0.80
         max:                                    5.71
         95th percentile:                        0.81
         sum:                                39996.25

Threads fairness:
    events (avg/stddev):           12485.2500/5.21
    execution time (avg/stddev):   9.9991/0.00

--- MEMORY TEST ---
sysbench 1.0.20 (using system LuaJIT 2.1.1720049189)

Running the test with following options:
Number of threads: 4
Initializing random number generator from current time


Running memory speed test with the following options:
  block size: 1KiB
  total size: 10240MiB
  operation: write
  scope: global

Initializing worker threads...

Threads started!

Total operations: 10485760 (11495752.20 per second)

10240.00 MiB transferred (11226.32 MiB/sec)


General statistics:
    total time:                          0.9111s
    total number of events:              10485760

Latency (ms):
         min:                                    0.00
         avg:                                    0.00
         max:                                    0.07
         95th percentile:                        0.00
         sum:                                 2804.21

Threads fairness:
    events (avg/stddev):           2621440.0000/0.00
    execution time (avg/stddev):   0.7011/0.00

